// Jest Snapshot v1, https://goo.gl/fbAQLP

exports[`snapshot for  Undo 1`] = `
<View
  accessibilityRole={null}
  accessibilityState={
    Object {
      "disabled": false,
    }
  }
  accessible={true}
  collapsable={false}
  focusable={true}
  hitSlop={null}
  nativeID="animatedComponent"
  onClick={[Function]}
  onResponderGrant={[Function]}
  onResponderMove={[Function]}
  onResponderRelease={[Function]}
  onResponderTerminate={[Function]}
  onResponderTerminationRequest={[Function]}
  onStartShouldSetResponder={[Function]}
  style={
    Object {
      "alignItems": "center",
      "display": "flex",
      "justifyContent": "center",
      "opacity": 1,
    }
  }
  testID=""
>
  <RNSVGSvgView
    align="xMidYMid"
    bbHeight={46}
    bbWidth={46}
    focusable={false}
    height={46}
    meetOrSlice={0}
    minX={0}
    minY={0}
    style={
      Array [
        Object {
          "backgroundColor": "transparent",
          "borderWidth": 0,
        },
        Object {
          "flex": 0,
          "height": 46,
          "width": 46,
        },
      ]
    }
    vbHeight={512}
    vbWidth={512}
    width={46}
  >
    <RNSVGGroup>
      <RNSVGPath
        d="M212.333 224.333H12c-6.627 0-12-5.373-12-12V12C0 5.373 5.373 0 12 0h48c6.627 0 12 5.373 12 12v78.112C117.773 39.279 184.26 7.47 258.175 8.007c136.906.994 246.448 111.623 246.157 248.532C504.041 393.258 393.12 504 256.333 504c-64.089 0-122.496-24.313-166.51-64.215-5.099-4.622-5.334-12.554-.467-17.42l33.967-33.967c4.474-4.474 11.662-4.717 16.401-.525C170.76 415.336 211.58 432 256.333 432c97.268 0 176-78.716 176-176 0-97.267-78.716-176-176-176-58.496 0-110.28 28.476-142.274 72.333h98.274c6.627 0 12 5.373 12 12v48c0 6.627-5.373 12-12 12z"
        fill={4286545791}
        propList={
          Array [
            "fill",
          ]
        }
      />
    </RNSVGGroup>
  </RNSVGSvgView>
  <Text
    style={
      Object {
        "color": "rgb(127, 127, 127)",
        "fontFamily": "OpenSans",
        "fontSize": 16,
        "fontWeight": "400",
        "includeFontPadding": false,
        "letterSpacing": 0.5,
        "lineHeight": 24,
        "marginTop": 8,
        "textAlignVertical": "center",
      }
    }
    testID=""
  >
    Undo
  </Text>
</View>
`;
