// Jest Snapshot v1, https://goo.gl/fbAQLP

exports[`snapshot for disabled Hint 1`] = `
<View
  accessibilityState={
    Object {
      "disabled": false,
    }
  }
  accessible={true}
  collapsable={false}
  focusable={true}
  hitSlop={null}
  nativeID="animatedComponent"
  onClick={[Function]}
  onResponderGrant={[Function]}
  onResponderMove={[Function]}
  onResponderRelease={[Function]}
  onResponderTerminate={[Function]}
  onResponderTerminationRequest={[Function]}
  onStartShouldSetResponder={[Function]}
  style={
    Object {
      "alignItems": "center",
      "display": "flex",
      "justifyContent": "center",
      "opacity": 1,
      "width": 60,
    }
  }
>
  <RNSVGSvgView
    align="xMidYMid"
    bbHeight={50}
    bbWidth={50}
    focusable={false}
    height={50}
    meetOrSlice={0}
    minX={0}
    minY={0}
    style={
      Array [
        Object {
          "backgroundColor": "transparent",
          "borderWidth": 0,
        },
        Object {
          "flex": 0,
          "height": 50,
          "width": 50,
        },
      ]
    }
    vbHeight={512}
    vbWidth={352}
    width={50}
  >
    <RNSVGGroup>
      <RNSVGPath
        d="M96.06 454.35c.01 6.29 1.87 12.45 5.36 17.69l17.09 25.69a31.99 31.99 0 0 0 26.64 14.28h61.71a31.99 31.99 0 0 0 26.64-14.28l17.09-25.69a31.989 31.989 0 0 0 5.36-17.69l.04-38.35H96.01l.05 38.35zM0 176c0 44.37 16.45 84.85 43.56 115.78 16.52 18.85 42.36 58.23 52.21 91.45.04.26.07.52.11.78h160.24c.04-.26.07-.51.11-.78 9.85-33.22 35.69-72.6 52.21-91.45C335.55 260.85 352 220.37 352 176 352 78.61 272.91-.3 175.45 0 73.44.31 0 82.97 0 176zm176-80c-44.11 0-80 35.89-80 80 0 8.84-7.16 16-16 16s-16-7.16-16-16c0-61.76 50.24-112 112-112 8.84 0 16 7.16 16 16s-7.16 16-16 16z"
        fill={4286545791}
        propList={
          Array [
            "fill",
          ]
        }
      />
    </RNSVGGroup>
  </RNSVGSvgView>
  <Text
    style={
      Object {
        "alignItems": "center",
        "backgroundColor": "#CC5D00",
        "borderRadius": 1000,
        "color": "#FFFFFF",
        "display": "flex",
        "fontFamily": "OpenSans-Medium",
        "fontSize": 11,
        "fontWeight": "500",
        "height": 16,
        "includeFontPadding": false,
        "justifyContent": "center",
        "left": 30,
        "letterSpacing": 0.5,
        "lineHeight": 16,
        "minWidth": 16,
        "padding": 0,
        "position": "absolute",
        "textAlign": "center",
        "textAlignVertical": "center",
        "top": -4,
      }
    }
    testID="badge_test_id"
  >
    3
  </Text>
  <Text
    style={
      Object {
        "color": "rgb(127, 127, 127)",
        "fontFamily": "OpenSans",
        "fontSize": 16,
        "marginTop": 8,
      }
    }
  >
    Hint
  </Text>
</View>
`;

exports[`snapshot for enabled Hint 1`] = `
<View
  accessibilityState={
    Object {
      "disabled": false,
    }
  }
  accessible={true}
  collapsable={false}
  focusable={true}
  hitSlop={null}
  nativeID="animatedComponent"
  onClick={[Function]}
  onResponderGrant={[Function]}
  onResponderMove={[Function]}
  onResponderRelease={[Function]}
  onResponderTerminate={[Function]}
  onResponderTerminationRequest={[Function]}
  onStartShouldSetResponder={[Function]}
  style={
    Object {
      "alignItems": "center",
      "display": "flex",
      "justifyContent": "center",
      "opacity": 1,
      "width": 60,
    }
  }
>
  <RNSVGSvgView
    align="xMidYMid"
    bbHeight={50}
    bbWidth={50}
    focusable={false}
    height={50}
    meetOrSlice={0}
    minX={0}
    minY={0}
    style={
      Array [
        Object {
          "backgroundColor": "transparent",
          "borderWidth": 0,
        },
        Object {
          "flex": 0,
          "height": 50,
          "width": 50,
        },
      ]
    }
    vbHeight={512}
    vbWidth={352}
    width={50}
  >
    <RNSVGGroup>
      <RNSVGPath
        d="M96.06 454.35c.01 6.29 1.87 12.45 5.36 17.69l17.09 25.69a31.99 31.99 0 0 0 26.64 14.28h61.71a31.99 31.99 0 0 0 26.64-14.28l17.09-25.69a31.989 31.989 0 0 0 5.36-17.69l.04-38.35H96.01l.05 38.35zM0 176c0 44.37 16.45 84.85 43.56 115.78 16.52 18.85 42.36 58.23 52.21 91.45.04.26.07.52.11.78h160.24c.04-.26.07-.51.11-.78 9.85-33.22 35.69-72.6 52.21-91.45C335.55 260.85 352 220.37 352 176 352 78.61 272.91-.3 175.45 0 73.44.31 0 82.97 0 176zm176-80c-44.11 0-80 35.89-80 80 0 8.84-7.16 16-16 16s-16-7.16-16-16c0-61.76 50.24-112 112-112 8.84 0 16 7.16 16 16s-7.16 16-16 16z"
        fill={4286545791}
        propList={
          Array [
            "fill",
          ]
        }
      />
    </RNSVGGroup>
  </RNSVGSvgView>
  <Text
    style={
      Object {
        "alignItems": "center",
        "backgroundColor": "#CC5D00",
        "borderRadius": 1000,
        "color": "#FFFFFF",
        "display": "flex",
        "fontFamily": "OpenSans-Medium",
        "fontSize": 11,
        "fontWeight": "500",
        "height": 16,
        "includeFontPadding": false,
        "justifyContent": "center",
        "left": 30,
        "letterSpacing": 0.5,
        "lineHeight": 16,
        "minWidth": 16,
        "padding": 0,
        "position": "absolute",
        "textAlign": "center",
        "textAlignVertical": "center",
        "top": -4,
      }
    }
    testID="badge_test_id"
  >
    3
  </Text>
  <Text
    style={
      Object {
        "color": "rgb(127, 127, 127)",
        "fontFamily": "OpenSans",
        "fontSize": 16,
        "marginTop": 8,
      }
    }
  >
    Hint
  </Text>
</View>
`;
